// Jest Snapshot v1, https://goo.gl/fbAQLP

exports[`FiltersSelectors should execute getSearchFiltersValue correctly 1`] = `"FilterSearchReducer"`;

exports[`FiltersSelectors should execute getSelectFiltersValue correctly 1`] = `"FilterSelectReducer"`;
