// Jest Snapshot v1, https://goo.gl/fbAQLP

exports[`UsersSelectors should execute getUsers correctly 1`] = `"UsersReducer.users"`;
